================================================================================
GATE G: Production Runtime Accessibility Protocol Verification Log
================================================================================
Calibrated Pass Criteria:
Automated accessibility criteria mapped to applicable WCAG 2.1 AA requirements
are satisfied across all 19 canonical component specimens, within the automated
verification scope defined by the Production Runtime Accessibility Protocol.
Architectural Boundary: Automated Verification != Full Universal WCAG Certification.
--------------------------------------------------------------------------------
  [OK] Component 'alert': automated contrast, semantics & focus target verified.
  [OK] Component 'badge': automated contrast, semantics & focus target verified.
  [OK] Component 'button': automated contrast, semantics & focus target verified.
  [OK] Component 'card': automated contrast, semantics & focus target verified.
  [OK] Component 'checkbox': automated contrast, semantics & focus target verified.
  [OK] Component 'dialog': automated contrast, semantics & focus target verified.
  [OK] Component 'field': automated contrast, semantics & focus target verified.
  [OK] Component 'icon-button': automated contrast, semantics & focus target verified.
  [OK] Component 'input': automated contrast, semantics & focus target verified.
  [OK] Component 'link': automated contrast, semantics & focus target verified.
  [OK] Component 'radio': automated contrast, semantics & focus target verified.
  [OK] Component 'select': automated contrast, semantics & focus target verified.
  [OK] Component 'skeleton': automated contrast, semantics & focus target verified.
  [OK] Component 'spinner': automated contrast, semantics & focus target verified.
  [OK] Component 'switch': automated contrast, semantics & focus target verified.
  [OK] Component 'table': automated contrast, semantics & focus target verified.
  [OK] Component 'tabs': automated contrast, semantics & focus target verified.
  [OK] Component 'textarea': automated contrast, semantics & focus target verified.
  [OK] Component 'tooltip': automated contrast, semantics & focus target verified.
[OK] All 19/19 canonical components verified under automated protocol.
VERDICT: PASS (Blockers: 0, Majors: 0, Minors: 0)